Microsoft Windows [Version 10.0.19043.1526]
(c) Microsoft Corporation. All rights reserved.

D:\Git_Practice>git init
Initialized empty Git repository in D:/Git_Practice/.git/

D:\Git_Practice>git status
On branch master

No commits yet

Untracked files:
  (use "git add <file>..." to include in what will be committed)
        a.txt.txt
        b.txt

nothing added to commit but untracked files present (use "git add" to track)

D:\Git_Practice>git add .

D:\Git_Practice>git status
On branch master

No commits yet

Changes to be committed:
  (use "git rm --cached <file>..." to unstage)
        new file:   a.txt.txt
        new file:   b.txt


D:\Git_Practice>git commit -m "Adding 2 .txt files"
[master (root-commit) 1dc8217] Adding 2 .txt files
 2 files changed, 2 insertions(+)
 create mode 100644 a.txt.txt
 create mode 100644 b.txt

D:\Git_Practice>git log
commit 1dc8217bc84a91d58b4d5c3d23e665c1044e2877 (HEAD -> master)
Author: hrhm47 <haseebr47@gmail.com>
Date:   Tue Feb 22 22:02:52 2022 +0500

    Adding 2 .txt files

D:\Git_Practice>git branch
* master

D:\Git_Practice>git branch Haseeb

D:\Git_Practice>git checkout Haseeb
Switched to branch 'Haseeb'

D:\Git_Practice>git log
commit 1dc8217bc84a91d58b4d5c3d23e665c1044e2877 (HEAD -> Haseeb, master)
Author: hrhm47 <haseebr47@gmail.com>
Date:   Tue Feb 22 22:02:52 2022 +0500

    Adding 2 .txt files

D:\Git_Practice>git add .

D:\Git_Practice>git commit -m "Adding in Haseeb branch"
[Haseeb 7dba12c] Adding in Haseeb branch
 1 file changed, 1 insertion(+)
 create mode 100644 newfile.txt.txt

D:\Git_Practice>git log
commit 7dba12c9b629fc3687c379406075c067f12429a8 (HEAD -> Haseeb)
Author: hrhm47 <haseebr47@gmail.com>
Date:   Tue Feb 22 22:06:45 2022 +0500

    Adding in Haseeb branch

commit 1dc8217bc84a91d58b4d5c3d23e665c1044e2877 (master)
Author: hrhm47 <haseebr47@gmail.com>
Date:   Tue Feb 22 22:02:52 2022 +0500

    Adding 2 .txt files

D:\Git_Practice>git checkout master
Switched to branch 'master'

D:\Git_Practice>git log
commit 1dc8217bc84a91d58b4d5c3d23e665c1044e2877 (HEAD -> master)
Author: hrhm47 <haseebr47@gmail.com>
Date:   Tue Feb 22 22:02:52 2022 +0500

    Adding 2 .txt files

D:\Git_Practice>git branch
  Haseeb
* master

D:\Git_Practice>git merge Haseeb
Updating 1dc8217..7dba12c
Fast-forward
 newfile.txt.txt | 1 +
 1 file changed, 1 insertion(+)
 create mode 100644 newfile.txt.txt

D:\Git_Practice>git branch
  Haseeb
* master

D:\Git_Practice>git checkout Haseeb
Switched to branch 'Haseeb'

D:\Git_Practice>git log
commit 7dba12c9b629fc3687c379406075c067f12429a8 (HEAD -> Haseeb, master)
Author: hrhm47 <haseebr47@gmail.com>
Date:   Tue Feb 22 22:06:45 2022 +0500

    Adding in Haseeb branch

commit 1dc8217bc84a91d58b4d5c3d23e665c1044e2877
Author: hrhm47 <haseebr47@gmail.com>
Date:   Tue Feb 22 22:02:52 2022 +0500

    Adding 2 .txt files

D:\Git_Practice>git
usage: git [--version] [--help] [-C <path>] [-c <name>=<value>]
           [--exec-path[=<path>]] [--html-path] [--man-path] [--info-path]
           [-p | --paginate | -P | --no-pager] [--no-replace-objects] [--bare]
           [--git-dir=<path>] [--work-tree=<path>] [--namespace=<name>]
           [--super-prefix=<path>] [--config-env=<name>=<envvar>]
           <command> [<args>]

These are common Git commands used in various situations:

start a working area (see also: git help tutorial)
   clone             Clone a repository into a new directory
   init              Create an empty Git repository or reinitialize an existing one

work on the current change (see also: git help everyday)
   add               Add file contents to the index
   mv                Move or rename a file, a directory, or a symlink
   restore           Restore working tree files
   rm                Remove files from the working tree and from the index
   sparse-checkout   Initialize and modify the sparse-checkout

examine the history and state (see also: git help revisions)
   bisect            Use binary search to find the commit that introduced a bug
   diff              Show changes between commits, commit and working tree, etc
   grep              Print lines matching a pattern
   log               Show commit logs
   show              Show various types of objects
   status            Show the working tree status

grow, mark and tweak your common history
   branch            List, create, or delete branches
   commit            Record changes to the repository
   merge             Join two or more development histories together
   rebase            Reapply commits on top of another base tip
   reset             Reset current HEAD to the specified state
   switch            Switch branches
   tag               Create, list, delete or verify a tag object signed with GPG

collaborate (see also: git help workflows)
   fetch             Download objects and refs from another repository
   pull              Fetch from and integrate with another repository or a local branch
   push              Update remote refs along with associated objects

'git help -a' and 'git help -g' list available subcommands and some
concept guides. See 'git help <command>' or 'git help <concept>'
to read about a specific subcommand or concept.
See 'git help git' for an overview of the system.

D:\Git_Practice>git reset 1dc8217bc84a91d58b4d5c3d23e665c1044e2877

D:\Git_Practice>git log
commit 1dc8217bc84a91d58b4d5c3d23e665c1044e2877 (HEAD -> Haseeb)
Author: hrhm47 <haseebr47@gmail.com>
Date:   Tue Feb 22 22:02:52 2022 +0500

    Adding 2 .txt files

D:\Git_Practice>git remote -v

D:\Git_Practice>git remote add origin https://github.com/hrhm47/gitPractice.git

D:\Git_Practice>git remote -v
origin  https://github.com/hrhm47/gitPractice.git (fetch)
origin  https://github.com/hrhm47/gitPractice.git (push)

D:\Git_Practice>git push -u origin main
error: src refspec main does not match any
error: failed to push some refs to 'https://github.com/hrhm47/gitPractice.git'

D:\Git_Practice>git push -u origin master
Enumerating objects: 7, done.
Counting objects: 100% (7/7), done.
Delta compression using up to 4 threads
Compressing objects: 100% (4/4), done.
Writing objects: 100% (7/7), 503 bytes | 71.00 KiB/s, done.
Total 7 (delta 1), reused 0 (delta 0), pack-reused 0
remote: Resolving deltas: 100% (1/1), done.
To https://github.com/hrhm47/gitPractice.git
 * [new branch]      master -> master
Branch 'master' set up to track remote branch 'master' from 'origin'.

D:\Git_Practice>